  Selfconsistent Kohn-Sham calculation 

WARNING; symmetry determination not properly specified


***** title : h2_cc-pvdz                                        *****

  norb =  10
  nmos =  1
  orbitals   :  1   
  occupation :  2.00

 Initial potential Vxc =  1.373 X-alpha +  2.000 Vosko-Wilk-Nusair +  2.000 Becke 

 Convergence
  itrx =    1
  threshold = 0.10E-09
  shift   =  1.23
  bounds  =  0.95, 1.05
  density damping :  0.50
  Storage of KS orbitals  :  3

 Number of gridpoints in numerical integration : 8800
 Number of dummy points : 1000
 in -reshapeOrbitals-, nb =           10
 shape of Mpaomo =           10          10
 shape of Maomo =           10          10

Sum of MO occupation numbers =  2.000
Sum of NO occupation numbers =  2.000


                       ================
                       NO's in MO basis
                       ================

              1         2         3         4         5
   1     -0.99997  -0.00000  -0.00455   0.00000   0.00000
   2     -0.00000  -0.71411   0.00000   0.00000   0.00000
   3      0.00640  -0.00000  -0.94374   0.00000   0.00000
   4      0.00000  -0.68977   0.00000   0.00000   0.00000
   5      0.00000   0.00000   0.00000   0.00000   1.00000
   6      0.00000   0.00000   0.00000   1.00000   0.00000
   7      0.00449  -0.00000   0.33065   0.00000   0.00000
   8      0.00000   0.00000   0.00000   0.00000   0.00000
   9      0.00000   0.00000   0.00000   0.00000   0.00000
  10      0.00000  -0.11944   0.00000   0.00000   0.00000


              6         7         8         9        10
   1     -0.00635  -0.00000   0.00000   0.00000   0.00000
   2     -0.00000   0.58865   0.00000   0.00000  -0.37885
   3     -0.33062  -0.00000   0.00000   0.00000  -0.00000
   4      0.00000  -0.49935   0.00000   0.00000   0.52429
   5      0.00000   0.00000   0.00000   0.00000   0.00000
   6      0.00000   0.00000   0.00000   0.00000   0.00000
   7     -0.94374  -0.00000   0.00000   0.00000  -0.00000
   8      0.00000   0.00000  -1.00000   0.00000   0.00000
   9      0.00000   0.00000   0.00000  -1.00000   0.00000
  10      0.00000  -0.63572   0.00000   0.00000  -0.76262


                     ======================
                     CI-density in MO basis
                     ======================

              1         2         3         4         5
   1      1.96486   0.00000   0.00000   0.00000   0.00000
   2      0.00000   0.02216   0.00000   0.00000   0.00000
   3      0.00000   0.00000   0.00612   0.00000   0.00000
   4      0.00000   0.00000   0.00000   0.00308   0.00000
   5      0.00000   0.00000   0.00000   0.00000   0.00308
   6      0.00000   0.00000   0.00000   0.00000   0.00000
   7      0.00000   0.00000   0.00000   0.00000   0.00000
   8      0.00000   0.00000   0.00000   0.00000   0.00000
   9      0.00000   0.00000   0.00000   0.00000   0.00000
  10      0.00000   0.00000   0.00000   0.00000   0.00000


              6         7         8         9        10
   1      0.00000   0.00000   0.00000   0.00000   0.00000
   2      0.00000   0.00000   0.00000   0.00000   0.00000
   3      0.00000   0.00000   0.00000   0.00000   0.00000
   4      0.00000   0.00000   0.00000   0.00000   0.00000
   5      0.00000   0.00000   0.00000   0.00000   0.00000
   6      0.00021   0.00000   0.00000   0.00000   0.00000
   7      0.00000   0.00016   0.00000   0.00000   0.00000
   8      0.00000   0.00000   0.00016   0.00000   0.00000
   9      0.00000   0.00000   0.00000   0.00016   0.00000
  10      0.00000   0.00000   0.00000   0.00000   0.00001


                   =========================
                   HF MO-density in MO basis
                   =========================

              1         2         3         4         5
   1      2.00000   0.00000   0.00000   0.00000   0.00000
   2      0.00000   0.00000   0.00000   0.00000   0.00000
   3      0.00000   0.00000   0.00000   0.00000   0.00000
   4      0.00000   0.00000   0.00000   0.00000   0.00000
   5      0.00000   0.00000   0.00000   0.00000   0.00000
   6      0.00000   0.00000   0.00000   0.00000   0.00000
   7      0.00000   0.00000   0.00000   0.00000   0.00000
   8      0.00000   0.00000   0.00000   0.00000   0.00000
   9      0.00000   0.00000   0.00000   0.00000   0.00000
  10      0.00000   0.00000   0.00000   0.00000   0.00000


              6         7         8         9        10
   1      0.00000   0.00000   0.00000   0.00000   0.00000
   2      0.00000   0.00000   0.00000   0.00000   0.00000
   3      0.00000   0.00000   0.00000   0.00000   0.00000
   4      0.00000   0.00000   0.00000   0.00000   0.00000
   5      0.00000   0.00000   0.00000   0.00000   0.00000
   6      0.00000   0.00000   0.00000   0.00000   0.00000
   7      0.00000   0.00000   0.00000   0.00000   0.00000
   8      0.00000   0.00000   0.00000   0.00000   0.00000
   9      0.00000   0.00000   0.00000   0.00000   0.00000
  10      0.00000   0.00000   0.00000   0.00000   0.00000


                  ===========================
                  Vmo in primitive ao, vmopao
                  ===========================

              1         2         3         4         5
   1     -0.40058  -0.15517   0.70837  -0.79346   0.00000
   2     -0.17996  -1.88096  -0.72727   1.60062   0.00000
   3      0.00000   0.00000   0.00000   0.00000   0.00000
   4      0.00000   0.00000   0.00000   0.00000   0.58395
   5     -0.02215  -0.01309   0.01610   0.38714   0.00000
   6     -0.40058   0.15517   0.70837   0.79346   0.00000
   7     -0.17996   1.88096  -0.72727  -1.60062   0.00000
   8      0.00000   0.00000   0.00000   0.00000   0.00000
   9      0.00000   0.00000   0.00000   0.00000   0.58395
  10      0.02215  -0.01309  -0.01610   0.38714   0.00000


              6         7         8         9        10
   1      0.00000   0.43914   0.00000   0.00000  -2.42562
   2      0.00000  -0.21882   0.00000   0.00000  -0.09741
   3      0.58395   0.00000   0.00000  -0.96791   0.00000
   4      0.00000   0.00000  -0.96791   0.00000   0.00000
   5      0.00000  -0.71084   0.00000   0.00000  -1.95279
   6      0.00000   0.43914   0.00000   0.00000   2.42562
   7      0.00000  -0.21882   0.00000   0.00000   0.09741
   8      0.58395   0.00000   0.00000   0.96791   0.00000
   9      0.00000   0.00000   0.96791   0.00000   0.00000
  10      0.00000   0.71084   0.00000   0.00000  -1.95279

 before -clcvls-, npnt =         9800

     ========================
     Gamess-US job parameters
     ========================

Gamess-US job title                          =  Hydrogen molecule at equlibium in cc-pVDZ basis                                
Number of atoms                              =     2
Total charge                                 =     0
Multiplicity                                 =     1
Number of basis functions                    =    10
Number of orbitals (spherical)               =    10
Total number of electrons                    =     2
Number of alpha electrons                    =     1
Number of beta electrons                     =     1
Number of basis set shells                   =     6
Number of cartesian gaussian basis functions =    10

     ================
     Geometry in a.u.
     ================

     Atom     Charge                X              Y              Z     
     ----   ----------     ---------------------------------------------
     H            1.00          0.00000000     0.00000000    -0.72436800
     H            1.00          0.00000000     0.00000000     0.72436800

     =========
     Basis set
     =========

  Shell   Type   Primitive       Exponent     Contraction Coefficient(s)

H     Atom No.    1     Charge =  1.00

      1     S       1            13.0100000    0.033498726390     1
      1     S       2             1.9620000    0.234800801174     2
      1     S       3             0.4446000    0.813682957883     3
      1     S       4             0.1220000    1.000000000000     4
      1     P       5             0.7270000    1.000000000000     5

H     Atom No.    2     Charge =  1.00

      2     S       1            13.0100000    0.033498726390     6
      2     S       2             1.9620000    0.234800801174     7
      2     S       3             0.4446000    0.813682957883     8
      2     S       4             0.1220000    1.000000000000     9
      2     P       5             0.7270000    1.000000000000    10

     ===================
     Basis set in detail
     ===================

 AO   atom   atom  shell   shell  subshell                                   contraction
indx  name   No.   No.     type     type              exponents              coefficients
-----------------------------------------------------------------------------------------
   1  H         1      1     S      S               13.0100000000            0.0334987264
   1  H         1      1     S      S                1.9620000000            0.2348008012
   1  H         1      1     S      S                0.4446000000            0.8136829579
   2  H         1      2     S      S                0.1220000000            1.0000000000
   3  H         1      3     P      X                0.7270000000            1.0000000000
   4  H         1      3     P      Y                0.7270000000            1.0000000000
   5  H         1      3     P      Z                0.7270000000            1.0000000000
   6  H         2      4     S      S               13.0100000000            0.0334987264
   6  H         2      4     S      S                1.9620000000            0.2348008012
   6  H         2      4     S      S                0.4446000000            0.8136829579
   7  H         2      5     S      S                0.1220000000            1.0000000000
   8  H         2      6     P      X                0.7270000000            1.0000000000
   9  H         2      6     P      Y                0.7270000000            1.0000000000
  10  H         2      6     P      Z                0.7270000000            1.0000000000
 number of points =         9800
 after the loop in -clcvls-

 density :  2.000     integration errors 0.3496E-09-.5019E-08-.6555E-070.2388E-16
 Von Weizacker kinetic energy :  1.08671    
 Orbital Errors upon Integration

 after -clcvls-


 ----- itr    0 -----

                    ========================
                    Hartree potential matrix
                    ========================

              1         2         3         4         5
   1      1.29956   0.00000  -0.31277   0.00000   0.00000
   2      0.00000   0.77243   0.00000   0.28008   0.00000
   3     -0.31277   0.00000   0.90540   0.00000   0.00000
   4      0.00000   0.28008   0.00000   1.14638   0.00000
   5      0.00000   0.00000   0.00000   0.00000   1.28536
   6      0.00000   0.00000   0.00000   0.00000   0.00000
   7      0.10421   0.00000  -0.12445   0.00000   0.00000
   8      0.00000   0.00000   0.00000   0.00000   0.00000
   9      0.00000   0.00000   0.00000   0.00000   0.00000
  10      0.00000   0.03571   0.00000   0.21752   0.00000


              6         7         8         9        10
   1      0.00000   0.10421   0.00000   0.00000   0.00000
   2      0.00000   0.00000   0.00000   0.00000   0.03571
   3      0.00000  -0.12445   0.00000   0.00000   0.00000
   4      0.00000   0.00000   0.00000   0.00000   0.21752
   5      0.00000   0.00000   0.00000   0.00000   0.00000
   6      1.28536   0.00000   0.00000   0.00000   0.00000
   7      0.00000   1.24276   0.00000   0.00000   0.00000
   8      0.00000   0.00000   1.18766   0.00000   0.00000
   9      0.00000   0.00000   0.00000   1.18766   0.00000
  10      0.00000   0.00000   0.00000   0.00000   1.31173

WARNING; Spectrum is incorrect   0.3615
WARNING; Spectrum is incorrect   0.4896
WARNING; Spectrum is incorrect   0.6093
WARNING; Spectrum is incorrect   0.6093
WARNING; Spectrum is incorrect   0.5208
WARNING; Spectrum is incorrect   0.5499
WARNING; Spectrum is incorrect   0.5499
WARNING; Spectrum is incorrect   0.6733


  integ :   0.6435E-08  0.3886E-09  0.1568E-07  0.2513E-08  0.2092E-07  0.2092E-07  0.2357E-07  0.2357E-07  0.1024E-07  0.2725E-08
  occ   :      0.00000     0.00000     0.00000     0.00000     0.00000     0.00000     0.00000     0.00000     0.00000     2.00000
  ev    :      0.30695     0.36147     0.48956     0.52081     0.54994     0.54994     0.60926     0.60926     0.67333     0.73410

  error :      1.60903079 (   1.6090308    )
  ts    :     2.920885
  en    :    -4.374363
  eh    :     2.010138
  ex    :    -1.005069
  total :     0.241847

  elumo : ********

  stype :       0           0           0           0           0           0           0           0           0           1


 ----- itr    1 -----

                    ========================
                    Hartree potential matrix
                    ========================

              1         2         3         4         5
   1      2.72258   0.00000  -0.54380   0.00000  -0.00000
   2      0.00000   1.55373  -0.00000   0.44408  -0.00000
   3     -0.54380  -0.00000   1.87283  -0.00000   0.00000
   4      0.00000   0.44408  -0.00000   2.35335  -0.00000
   5     -0.00000  -0.00000   0.00000  -0.00000   2.68201
   6     -0.00000  -0.00000   0.00000  -0.00000   0.00000
   7      0.23467  -0.00000  -0.23443  -0.00000  -0.00000
   8      0.00000   0.00000  -0.00000   0.00000  -0.00000
   9      0.00000   0.00000  -0.00000   0.00000  -0.00000
  10      0.00000   0.08133  -0.00000   0.39834  -0.00000


              6         7         8         9        10
   1     -0.00000   0.23467   0.00000   0.00000   0.00000
   2     -0.00000  -0.00000   0.00000   0.00000   0.08133
   3      0.00000  -0.23443  -0.00000  -0.00000  -0.00000
   4     -0.00000  -0.00000   0.00000   0.00000   0.39834
   5      0.00000  -0.00000  -0.00000  -0.00000  -0.00000
   6      2.68201  -0.00000  -0.00000  -0.00000  -0.00000
   7     -0.00000   2.57546  -0.00000  -0.00000   0.00000
   8     -0.00000  -0.00000   2.43227   0.00000   0.00000
   9     -0.00000  -0.00000   0.00000   2.43227   0.00000
  10     -0.00000   0.00000   0.00000   0.00000   2.72684



  integ :   0.5576E-08  0.4998E-09  0.1386E-07  0.2554E-08  0.2092E-07  0.2092E-07  0.2357E-07  0.2357E-07  0.1292E-07  0.2573E-08
  occ   :      0.00000     0.00000     0.00000     0.00000     0.00000     0.00000     0.00000     0.00000     0.00000     2.00000
  ev    :      1.03762     1.22766     1.61075     1.74915     1.78793     1.78793     2.01199     2.01199     2.22040     2.37484

  error :      1.60414265 (  0.65644260E-01)
  ts    :     2.860016
  en    :    -4.334998
  eh    :     1.997602
  ex    :    -0.998801
  total :     0.214076

  elumo : ********

  stype :       0           0           0           0           0           0           0           0           0           1

 ** no convergence **



 HF kinetic energy                      :    1.0736987388
 HF electron-nuclear attraction energy  :   -3.5422423688
 HF coulomb repulsion energy            :    1.2995620310
 HF exchange energy                     :   -0.6497810155
 HF total electronic energy             :    1.3400379015

 CI kinetic energy                      :    1.1168623795
 CI electron-nuclear attraction energy  :   -3.5568488681
 CI coulomb repulsion energy            :    1.3031251537
pnomo   :      1.96474     0.00000     0.01136    -0.02509    -0.00000     0.00556    -0.00000     0.02173     0.00000     0.01059
     0.00000     0.00000     0.00000     0.00000     0.00308     0.00000     0.00000     0.00000     0.00000     0.00000
     0.00308    -0.01765     0.00000    -0.00358     0.00000     0.00000     0.00000     0.00089     0.00000     0.00000
     0.00000     0.00000     0.00000     0.00000     0.00000     0.00016     0.00000     0.00000     0.00000     0.00000
     0.00000     0.00000     0.00000     0.00000     0.00016    -0.00000     0.00367    -0.00000     0.00374     0.00000
     0.00000     0.00000     0.00000     0.00000     0.00039

 KS kinetic energy                      :    2.8600162883
 KS electron-nuclear attraction energy  :   -4.3349982331
 KS coulomb repulsion energy            :    1.9976018309
 KS exchange energy                     :   -0.9988009154
 KS energy expectation value            :    1.6890578014
